2026-06-24T17:24:19Z INF Thank you for trying Cloudflare Tunnel. Doing so, without a Cloudflare account, is a quick way to experiment and try it out. However, be aware that these account-less Tunnels have no uptime guarantee, are subject to the Cloudflare Online Services Terms of Use (https://www.cloudflare.com/website-terms/), and Cloudflare reserves the right to investigate your use of Tunnels for violations of such terms. If you intend to use Tunnels in production you should use a pre-created named tunnel by following: https://developers.cloudflare.com/cloudflare-one/connections/connect-apps
2026-06-24T17:24:19Z INF Requesting new quick Tunnel on trycloudflare.com...
2026-06-24T17:24:23Z INF +--------------------------------------------------------------------------------------------+
2026-06-24T17:24:23Z INF |  Your quick Tunnel has been created! Visit it at (it may take some time to be reachable):  |
2026-06-24T17:24:23Z INF |  https://larger-nova-looks-andrews.trycloudflare.com                                       |
2026-06-24T17:24:23Z INF +--------------------------------------------------------------------------------------------+
2026-06-24T17:24:23Z INF Cannot determine default configuration path. No file [config.yml config.yaml] in [~/.cloudflared ~/.cloudflare-warp ~/cloudflare-warp]
2026-06-24T17:24:23Z INF Version 2026.5.2 (Checksum 20b9638f685333d623798e733effbad2487093f15ba592f6c7752360ff3b7ab7)
2026-06-24T17:24:23Z INF GOOS: windows, GOVersion: go1.26.3, GoArch: amd64
2026-06-24T17:24:23Z INF Settings: map[ha-connections:1 p:http2 protocol:http2 url:http://127.0.0.1:8081]
2026-06-24T17:24:23Z INF cloudflared will not automatically update on Windows systems.
2026-06-24T17:24:23Z INF Generated Connector ID: d6928e40-f6da-4b55-80f8-e010d66859cc
2026-06-24T17:24:23Z INF Initial protocol http2
2026-06-24T17:24:23Z INF ICMP proxy will use 10.1.85.9 as source for IPv4
2026-06-24T17:24:23Z INF ICMP proxy will use fe80::daa:e0f5:fea:2252 in zone Ethernet as source for IPv6
2026-06-24T17:24:23Z INF cloudflared does not support loading the system root certificate pool on Windows. Please use --origin-ca-pool <PATH> to specify the path to the certificate pool
2026-06-24T17:24:23Z INF ICMP proxy will use 10.1.85.9 as source for IPv4
2026-06-24T17:24:23Z INF Tunnel connection curve preferences: [X25519MLKEM768 CurveID(65074) CurveP256] connIndex=0 event=0 ip=2606:4700:a0::8
2026-06-24T17:24:23Z INF ICMP proxy will use fe80::daa:e0f5:fea:2252 in zone Ethernet as source for IPv6
2026-06-24T17:24:23Z INF Starting metrics server on 127.0.0.1:20241/metrics
2026-06-24T17:24:23Z INF Registered tunnel connection connIndex=0 connection=29337828-e195-4ec0-9143-c8bb9ec841ba event=0 ip=2606:4700:a0::8 location=dfw11 protocol=http2
2026-06-24T17:24:33Z INF +----------------------------------------------------------------------------------------------------+
2026-06-24T17:24:33Z INF |                                      CONNECTIVITY PRE-CHECKS                                       |
2026-06-24T17:24:33Z INF +----------------------------------------------------------------------------------------------------+
2026-06-24T17:24:33Z INF |  COMPONENT         TARGET                     STATUS  DETAILS                                      |
2026-06-24T17:24:33Z INF |  DNS Resolution    region1.v2.argotunnel.com  PASS    DNS Resolved successfully                    |
2026-06-24T17:24:33Z INF |  DNS Resolution    region2.v2.argotunnel.com  PASS    DNS Resolved successfully                    |
2026-06-24T17:24:33Z INF |  UDP Connectivity  region1.v2.argotunnel.com  FAIL    QUIC connection failed                       |
2026-06-24T17:24:33Z INF |  UDP Connectivity  region2.v2.argotunnel.com  FAIL    QUIC connection failed                       |
2026-06-24T17:24:33Z INF |  TCP Connectivity  region1.v2.argotunnel.com  PASS    HTTP/2 connection successful                 |
2026-06-24T17:24:33Z INF |  TCP Connectivity  region2.v2.argotunnel.com  FAIL    HTTP/2 connection is blocked or unreachable  |
2026-06-24T17:24:33Z INF |  Cloudflare API    api.cloudflare.com:443     PASS    API is reachable                             |
2026-06-24T17:24:33Z INF |  ERROR: Allow outbound QUIC traffic on port 7844 or use HTTP2.                                     |
2026-06-24T17:24:33Z INF |  ERROR: Allow outbound QUIC traffic on port 7844 or use HTTP2.                                     |
2026-06-24T17:24:33Z INF |  ERROR: Allow outbound TCP on port 7844.                                                           |
2026-06-24T17:24:33Z INF |                                                                                                    |
2026-06-24T17:24:33Z INF |  SUMMARY: Environment has critical failures. cloudflared may not be able to establish a tunnel.    |
2026-06-24T17:24:33Z INF +----------------------------------------------------------------------------------------------------+
2026-06-24T17:24:33Z INF precheck component="DNS Resolution" details="DNS Resolved successfully" run_id=d5053c4c-4cc9-41d5-ae24-02fdef52dc13 status=pass target=region1.v2.argotunnel.com
2026-06-24T17:24:33Z INF precheck component="DNS Resolution" details="DNS Resolved successfully" run_id=d5053c4c-4cc9-41d5-ae24-02fdef52dc13 status=pass target=region2.v2.argotunnel.com
2026-06-24T17:24:33Z INF precheck component="UDP Connectivity" details="QUIC connection failed" run_id=d5053c4c-4cc9-41d5-ae24-02fdef52dc13 status=fail target=region1.v2.argotunnel.com
2026-06-24T17:24:33Z INF precheck component="UDP Connectivity" details="QUIC connection failed" run_id=d5053c4c-4cc9-41d5-ae24-02fdef52dc13 status=fail target=region2.v2.argotunnel.com
2026-06-24T17:24:33Z INF precheck component="TCP Connectivity" details="HTTP/2 connection successful" run_id=d5053c4c-4cc9-41d5-ae24-02fdef52dc13 status=pass target=region1.v2.argotunnel.com
2026-06-24T17:24:33Z INF precheck component="TCP Connectivity" details="HTTP/2 connection is blocked or unreachable" run_id=d5053c4c-4cc9-41d5-ae24-02fdef52dc13 status=fail target=region2.v2.argotunnel.com
2026-06-24T17:24:33Z INF precheck component="Cloudflare API" details="API is reachable" run_id=d5053c4c-4cc9-41d5-ae24-02fdef52dc13 status=pass target=api.cloudflare.com:443
2026-06-24T17:24:33Z INF precheck complete hard_fail=true run_id=d5053c4c-4cc9-41d5-ae24-02fdef52dc13
